K10_K11_HDMI__FXHS_DC
K12_K21_LMN01AB__OPEN_45KOHM
K13_K14_RX0_RX1__DCARD_ATE
K15_K33_RX0RX2_RX1RXC__DC
K16_SIOAN__DCARD_ATE
K17_K47_GMSL__FXHS_DC
K18_K48_GMSL__ATTEN_DC
K19_K20_HDMI__FXHS_DC
K2_RESISTOR_XRES_SPST
K23_K54_GMSL__OPEN_DIFFTERM
K24_K55_GMSL__OPEN_1OHM
K25_K57_GMSL_DIFFTEST__VI16
K26_K49_GMSL_ATTEN__FXHS
K28_SIOAP__DC_TERM
K29_SIOAP__DCARD_ATE
K3_DP__XRES_CMUCAP_OR_DCARD
K30_SIOAN__DC_TERM
K31_K32_RX2_RXC__DCARD_ATE
K4_K58_GPIO_14_GPIO15_GPIO16_GPIO17__DP_LT
K43_SIOBN__DCARD_ATE
K44_SIOBP__DCARD_ATE
K45_SIOBN__DC_TERM
K46_SIOBP__DC_TERM
K5_DDCSCL_DDCSDA__DP_LT
K50_GPIO06_GPIO07__DP_LT
K52_GPIO04_GPIO05__DP_LT
K59_GPIO08_GPIO09__DP_LT
K6_K51_GPIO14_GPIO15_GPIO16_GPIO17__DP_VI
K60_GPIO00_GPIO01__DP_LT
K61_GPIO10_GPIO11__DP_LT
K62_GPIO12_GPIO13__DP_LT
K63_HPD__DP_LT
K64_GPIO02_GPIO03__DP_LT
K65_K66_HDMI_ABUS__VI16
K7_LOCK_ERRB__DP_LT
K72_X1_X2__OSC_XTAL
K73_ABUS2_ABUS3__VI_DCTM
K74_X1__DP_OSC
K75_ABUS0_ABUS1__VI_DCTM
K8_SDARX_SCLTX__DP_DCARD
K9_K85_SDA_SCL_DDCSDA_DDCSCL__OPEN_1KPU
K86_GPIO00__LTGPIO_LTI2C
K87_GPIO01__LTGPIO_LTI2C
K89_GPIO02__LTGPIO_LTI2C
K88_GPIO04__LTGPIO_LTI2C
DCARD_K1_SIOBN_TERM__DNUT
DCARD_K13_SIOBN__DNUT1_DNUT2
DCARD_K14_SIOBP__DNUT1_DNUT2
DCARD_K15_DNUT2_SDA_SCL__FPGA_DP
DCARD_K16_DNUT2_X1_X2__OSC_XTAL
DCARD_K2_SIOBP_TERM__DNUT
DCARD_K3_SIOAP_TERM__DNUT
DCARD_K4_SIOAN_TERM__DNUT
DCARD_K5_DNUT1_SDA_SCL__FPGA_DP
DCARD_K6_DNUT1_X1_X2__OSC_XTAL
DCARD_K7_SIOAP__DNUT1_DNUT2
DCARD_K8_SIOAN__DNUT1_DNUT2
GMSL_SHORT_PHASE_SWITCH
